
╔══════════════════════════════════════════════════════════════╗
║          COMPREHENSIVE CLAWDBOT TEST REPORT                  ║
╚══════════════════════════════════════════════════════════════╝

📱 Phone Number: +447585185906
🕐 Test Time: 2026-01-30 23:36:26

📊 SUMMARY
━━━━━━━━━━━━━━━━━━━━━━━━━━━━━━━━━━━━━━━━━━━━━━━━━━━━━━━━━━━━
Total Tests:    10
✅ Passed:      8
❌ Failed:      2
📈 Pass Rate:   80.0%

📋 DETAILED RESULTS
━━━━━━━━━━━━━━━━━━━━━━━━━━━━━━━━━━━━━━━━━━━━━━━━━━━━━━━━━━━━

1. ✅ PASS - Telegram Connectivity
   Details: Bot: Freqtrad3_bot (ID: 8517504737)

2. ✅ PASS - Send/Receive Messages
   Details: Sent message ID: 211

3. ✅ PASS - Bot Commands
   Details: Tested 6 commands

4. ✅ PASS - Config Loading
   Details: Config valid and loaded

5. ❌ FAIL - Engram Model Import
   Details: No module named 'sympy'

6. ❌ FAIL - LMStudio Connectivity
   Details: Not accessible (optional): HTTPConnectionPool(host='192.168.56.1', port=1234)

7. ✅ PASS - Invalid Command Handling
   Details: Sent invalid command

8. ✅ PASS - Long Message Handling
   Details: Sent 500+ char message

9. ✅ PASS - Rapid Messages
   Details: Sent 3 rapid messages

10. ✅ PASS - Bot Persistence
   Details: Bot has persistence structure

━━━━━━━━━━━━━━━━━━━━━━━━━━━━━━━━━━━━━━━━━━━━━━━━━━━━━━━━━━━━

🎯 CRITICAL PATH STATUS
✅ All critical path tests PASSED

🔍 RECOMMENDATIONS
━━━━━━━━━━━━━━━━━━━━━━━━━━━━━━━━━━━━━━━━━━━━━━━━━━━━━━━━━━━━
⚠️  Most tests passed. Review failed tests before deployment.

╚══════════════════════════════════════════════════════════════╝
